23:06:21 **** Incremental Build of configuration Debug for project 01_LedBlink ****
make -j12 all 
arm-none-eabi-size   01_LedBlink.elf 
arm-none-eabi-objcopy  -O ihex  01_LedBlink.elf  "01_LedBlink.hex"
   text	   data	    bss	    dec	    hex	filename
   8856	    120	   1584	  10560	   2940	01_LedBlink.elf
arm-none-eabi-objcopy  -O binary  01_LedBlink.elf  "01_LedBlink.bin"
Finished building: default.size.stdout
 
Finished building: 01_LedBlink.hex
Finished building: 01_LedBlink.bin
 
 

23:06:22 Build Finished. 0 errors, 0 warnings. (took 1s.232ms)

